\BOOKMARK [0][-]{chapter*.1}{\376\377\000M\036\345\000c\000\040\000l\036\345\000c}{}% 1
\BOOKMARK [0][-]{chapter.1}{\376\377\000T\036\325\000n\000g\000\040\000q\000u\000a\000n\000\040\000h\036\307\000\040\000t\000h\036\321\000n\000g}{}% 2
\BOOKMARK [1][-]{section.1.1}{\376\377\000T\036\325\000n\000g\000\040\000q\000u\000a\000n\000\040\000C\000I\000S}{chapter.1}% 3
\BOOKMARK [1][-]{section.1.2}{\376\377\000T\036\325\000n\000g\000\040\000q\000u\000a\000n\000\040\000L\000i\000n\000u\000x}{chapter.1}% 4
\BOOKMARK [2][-]{subsection.1.2.1}{\376\377\000M\000a\000n\000u\000a\000l\000\040\000H\000a\000r\000d\000e\000n\000i\000n\000g}{section.1.2}% 5
\BOOKMARK [2][-]{subsection.1.2.2}{\376\377\000A\000u\000t\000o\000m\000a\000t\000e\000d\000\040\000H\000a\000r\000d\000e\000n\000i\000n\000g}{section.1.2}% 6
\BOOKMARK [0][-]{chapter.2}{\376\377\000P\000h\001\260\001\241\000n\000g\000\040\000p\000h\000\341\000p\000\040\000t\000r\000i\036\303\000n\000\040\000k\000h\000a\000i}{}% 7
\BOOKMARK [1][-]{section.2.1}{\376\377\000Q\000u\000y\000\040\000t\000r\000\354\000n\000h\000\040\000t\036\325\000n\000g\000\040\000t\000h\036\303}{chapter.2}% 8
\BOOKMARK [1][-]{section.2.2}{\376\377\000P\000h\001\260\001\241\000n\000g\000\040\000p\000h\000\341\000p\000\040\000t\000i\036\277\000p\000\040\000c\036\255\000n}{chapter.2}% 9
\BOOKMARK [2][-]{subsection.2.2.1}{\376\377\000M\000a\000n\000u\000a\000l\000\040\000C\000o\000n\000f\000i\000g\000u\000r\000a\000t\000i\000o\000n}{section.2.2}% 10
\BOOKMARK [2][-]{subsection.2.2.2}{\376\377\000A\000u\000t\000o\000m\000a\000t\000i\000o\000n\000\040\000C\000o\000n\000f\000i\000g\000u\000r\000a\000t\000i\000o\000n}{section.2.2}% 11
\BOOKMARK [1][-]{section.2.3}{\376\377\000T\000h\000i\036\277\000t\000\040\000k\036\277\000\040\000h\036\307\000\040\000t\000h\036\321\000n\000g\000\040\000A\000n\000s\000i\000b\000l\000e}{chapter.2}% 12
\BOOKMARK [2][-]{subsection.2.3.1}{\376\377\000I\000n\000v\000e\000n\000t\000o\000r\000y}{section.2.3}% 13
\BOOKMARK [2][-]{subsection.2.3.2}{\376\377\000P\000l\000a\000y\000b\000o\000o\000k\000s}{section.2.3}% 14
\BOOKMARK [2][-]{subsection.2.3.3}{\376\377\000R\000o\000l\000e\000s}{section.2.3}% 15
\BOOKMARK [0][-]{chapter.3}{\376\377\000T\000r\000i\036\303\000n\000\040\000k\000h\000a\000i}{}% 16
\BOOKMARK [1][-]{section.3.1}{\376\377\000M\000\364\000\040\000h\000\354\000n\000h\000\040\000t\000r\000i\036\303\000n\000\040\000k\000h\000a\000i}{chapter.3}% 17
\BOOKMARK [2][-]{subsection.3.1.1}{\376\377\000Q\000u\000y\000\040\000t\000r\000\354\000n\000h\000\040\000A\000u\000t\000o\000m\000a\000t\000e\000d\000\040\000S\000e\000c\000u\000r\000i\000t\000y\000\040\000H\000a\000r\000d\000e\000n\000i\000n\000g}{section.3.1}% 18
\BOOKMARK [1][-]{section.3.2}{\376\377\000I\000n\000i\000t\000i\000a\000l\000\040\000S\000e\000t\000u\000p}{chapter.3}% 19
\BOOKMARK [2][-]{subsection.3.2.1}{\376\377\000M\000a\000n\000u\000a\000l}{section.3.2}% 20
\BOOKMARK [2][-]{subsection.3.2.2}{\376\377\000A\000u\000t\000o\000m\000a\000t\000i\000o\000n}{section.3.2}% 21
\BOOKMARK [1][-]{section.3.3}{\376\377\000S\000e\000r\000v\000i\000c\000e\000s}{chapter.3}% 22
\BOOKMARK [2][-]{subsection.3.3.1}{\376\377\000M\000a\000n\000u\000a\000l}{section.3.3}% 23
\BOOKMARK [2][-]{subsection.3.3.2}{\376\377\000A\000u\000t\000o\000m\000a\000t\000i\000o\000n}{section.3.3}% 24
\BOOKMARK [1][-]{section.3.4}{\376\377\000N\000e\000t\000w\000o\000r\000k}{chapter.3}% 25
\BOOKMARK [2][-]{subsection.3.4.1}{\376\377\000M\000a\000n\000u\000a\000l}{section.3.4}% 26
\BOOKMARK [2][-]{subsection.3.4.2}{\376\377\000A\000u\000t\000o\000m\000a\000t\000i\000o\000n}{section.3.4}% 27
\BOOKMARK [1][-]{section.3.5}{\376\377\000F\000i\000r\000e\000w\000a\000l\000l}{chapter.3}% 28
\BOOKMARK [2][-]{subsection.3.5.1}{\376\377\000M\000a\000n\000u\000a\000l}{section.3.5}% 29
\BOOKMARK [2][-]{subsection.3.5.2}{\376\377\000A\000u\000t\000o\000m\000a\000t\000i\000o\000n}{section.3.5}% 30
\BOOKMARK [1][-]{section.3.6}{\376\377\000A\000c\000c\000e\000s\000s\000\040\000C\000o\000n\000t\000r\000o\000l}{chapter.3}% 31
\BOOKMARK [2][-]{subsection.3.6.1}{\376\377\000M\000a\000n\000u\000a\000l}{section.3.6}% 32
\BOOKMARK [2][-]{subsection.3.6.2}{\376\377\000A\000u\000t\000o\000m\000a\000t\000i\000o\000n}{section.3.6}% 33
\BOOKMARK [1][-]{section.3.7}{\376\377\000L\000o\000g\000g\000i\000n\000g\000\040\000\046\000\040\000A\000u\000d\000i\000t\000i\000n\000g}{chapter.3}% 34
\BOOKMARK [2][-]{subsection.3.7.1}{\376\377\000M\000a\000n\000u\000a\000l}{section.3.7}% 35
\BOOKMARK [2][-]{subsection.3.7.2}{\376\377\000A\000u\000t\000o\000m\000a\000t\000i\000o\000n}{section.3.7}% 36
\BOOKMARK [1][-]{section.3.8}{\376\377\000S\000y\000s\000t\000e\000m\000\040\000M\000a\000i\000n\000t\000e\000n\000a\000n\000c\000e}{chapter.3}% 37
\BOOKMARK [2][-]{subsection.3.8.1}{\376\377\000M\000a\000n\000u\000a\000l}{section.3.8}% 38
\BOOKMARK [2][-]{subsection.3.8.2}{\376\377\000A\000u\000t\000o\000m\000a\000t\000i\000o\000n}{section.3.8}% 39
\BOOKMARK [0][-]{chapter.4}{\376\377\000T\036\325\000n\000g\000\040\000k\036\277\000t}{}% 40
\BOOKMARK [1][-]{section.4.1}{\376\377\000K\036\277\000t\000\040\000q\000u\036\243\000\040\001\021\036\241\000t\000\040\001\021\001\260\036\343\000c}{chapter.4}% 41
\BOOKMARK [1][-]{section.4.2}{\376\377\000H\036\241\000n\000\040\000c\000h\036\277}{chapter.4}% 42
\BOOKMARK [1][-]{section.4.3}{\376\377\000H\001\260\036\333\000n\000g\000\040\000p\000h\000\341\000t\000\040\000t\000r\000i\036\303\000n}{chapter.4}% 43
